{"level":"info","event":"workflow_created","workflow_id":"ocr-mvp-3a775e1e-e54f-4fa0-8277-175c92e07972","op_id":"","site":"ocr-mvp","queue":"","workflow_status":"pending","attempt":0,"time":"2026-05-24T18:45:20-04:00","message":"workflow created"}
{"level":"info","event":"workflow_updated","workflow_id":"ocr-mvp-3a775e1e-e54f-4fa0-8277-175c92e07972","op_id":"","site":"ocr-mvp","queue":"","workflow_status":"running","attempt":0,"time":"2026-05-24T18:45:20-04:00","message":"workflow status updated"}
started run ocr-mvp-3a775e1e-e54f-4fa0-8277-175c92e07972 in /tmp/book-ocr-hq-001/001-baseline-single-page
{"level":"info","event":"op_leased","workflow_id":"ocr-mvp-3a775e1e-e54f-4fa0-8277-175c92e07972","op_id":"discover-pages","site":"ocr-mvp","queue":"ocr-control","workflow_status":"","attempt":1,"time":"2026-05-24T18:45:20-04:00","message":"leased op"}
{"level":"info","event":"op_succeeded","workflow_id":"ocr-mvp-3a775e1e-e54f-4fa0-8277-175c92e07972","op_id":"discover-pages","site":"ocr-mvp","queue":"ocr-control","workflow_status":"","attempt":1,"time":"2026-05-24T18:45:20-04:00","message":"op succeeded"}
status=running processed=1 succeeded=0 failed=0 retried=0
{"level":"info","event":"op_leased","workflow_id":"ocr-mvp-3a775e1e-e54f-4fa0-8277-175c92e07972","op_id":"ocr-page-001","site":"ocr-mvp","queue":"ocr","workflow_status":"","attempt":1,"time":"2026-05-24T18:45:20-04:00","message":"leased op"}
{"level":"info","event":"op_retried","workflow_id":"ocr-mvp-3a775e1e-e54f-4fa0-8277-175c92e07972","op_id":"ocr-page-001","site":"ocr-mvp","queue":"ocr","workflow_status":"","attempt":1,"time":"2026-05-24T18:45:20-04:00","message":"op scheduled for retry at 2026-05-24T22:45:21.547706295Z"}
{"level":"info","event":"op_leased","workflow_id":"ocr-mvp-3a775e1e-e54f-4fa0-8277-175c92e07972","op_id":"ocr-page-002","site":"ocr-mvp","queue":"ocr","workflow_status":"","attempt":1,"time":"2026-05-24T18:45:20-04:00","message":"leased op"}
{"level":"info","event":"op_retried","workflow_id":"ocr-mvp-3a775e1e-e54f-4fa0-8277-175c92e07972","op_id":"ocr-page-002","site":"ocr-mvp","queue":"ocr","workflow_status":"","attempt":1,"time":"2026-05-24T18:45:20-04:00","message":"op scheduled for retry at 2026-05-24T22:45:21.547706295Z"}
status=running processed=2 succeeded=0 failed=0 retried=0
{"level":"info","event":"op_leased","workflow_id":"ocr-mvp-3a775e1e-e54f-4fa0-8277-175c92e07972","op_id":"ocr-page-003","site":"ocr-mvp","queue":"ocr","workflow_status":"","attempt":1,"time":"2026-05-24T18:45:20-04:00","message":"leased op"}
{"level":"info","event":"op_retried","workflow_id":"ocr-mvp-3a775e1e-e54f-4fa0-8277-175c92e07972","op_id":"ocr-page-003","site":"ocr-mvp","queue":"ocr","workflow_status":"","attempt":1,"time":"2026-05-24T18:45:20-04:00","message":"op scheduled for retry at 2026-05-24T22:45:21.825486345Z"}
{"level":"info","event":"op_leased","workflow_id":"ocr-mvp-3a775e1e-e54f-4fa0-8277-175c92e07972","op_id":"ocr-page-004","site":"ocr-mvp","queue":"ocr","workflow_status":"","attempt":1,"time":"2026-05-24T18:45:20-04:00","message":"leased op"}
{"level":"info","event":"op_retried","workflow_id":"ocr-mvp-3a775e1e-e54f-4fa0-8277-175c92e07972","op_id":"ocr-page-004","site":"ocr-mvp","queue":"ocr","workflow_status":"","attempt":1,"time":"2026-05-24T18:45:20-04:00","message":"op scheduled for retry at 2026-05-24T22:45:21.825486345Z"}
status=running processed=2 succeeded=0 failed=0 retried=0
{"level":"info","event":"op_leased","workflow_id":"ocr-mvp-3a775e1e-e54f-4fa0-8277-175c92e07972","op_id":"ocr-page-005","site":"ocr-mvp","queue":"ocr","workflow_status":"","attempt":1,"time":"2026-05-24T18:45:21-04:00","message":"leased op"}
{"level":"info","event":"op_retried","workflow_id":"ocr-mvp-3a775e1e-e54f-4fa0-8277-175c92e07972","op_id":"ocr-page-005","site":"ocr-mvp","queue":"ocr","workflow_status":"","attempt":1,"time":"2026-05-24T18:45:21-04:00","message":"op scheduled for retry at 2026-05-24T22:45:22.106303226Z"}
{"level":"info","event":"op_leased","workflow_id":"ocr-mvp-3a775e1e-e54f-4fa0-8277-175c92e07972","op_id":"ocr-page-006","site":"ocr-mvp","queue":"ocr","workflow_status":"","attempt":1,"time":"2026-05-24T18:45:21-04:00","message":"leased op"}
{"level":"info","event":"op_retried","workflow_id":"ocr-mvp-3a775e1e-e54f-4fa0-8277-175c92e07972","op_id":"ocr-page-006","site":"ocr-mvp","queue":"ocr","workflow_status":"","attempt":1,"time":"2026-05-24T18:45:21-04:00","message":"op scheduled for retry at 2026-05-24T22:45:22.106303226Z"}
status=running processed=2 succeeded=0 failed=0 retried=0
{"level":"info","event":"op_leased","workflow_id":"ocr-mvp-3a775e1e-e54f-4fa0-8277-175c92e07972","op_id":"ocr-page-007","site":"ocr-mvp","queue":"ocr","workflow_status":"","attempt":1,"time":"2026-05-24T18:45:21-04:00","message":"leased op"}
{"level":"info","event":"op_retried","workflow_id":"ocr-mvp-3a775e1e-e54f-4fa0-8277-175c92e07972","op_id":"ocr-page-007","site":"ocr-mvp","queue":"ocr","workflow_status":"","attempt":1,"time":"2026-05-24T18:45:21-04:00","message":"op scheduled for retry at 2026-05-24T22:45:22.38789876Z"}
{"level":"info","event":"op_leased","workflow_id":"ocr-mvp-3a775e1e-e54f-4fa0-8277-175c92e07972","op_id":"ocr-page-008","site":"ocr-mvp","queue":"ocr","workflow_status":"","attempt":1,"time":"2026-05-24T18:45:21-04:00","message":"leased op"}
{"level":"info","event":"op_retried","workflow_id":"ocr-mvp-3a775e1e-e54f-4fa0-8277-175c92e07972","op_id":"ocr-page-008","site":"ocr-mvp","queue":"ocr","workflow_status":"","attempt":1,"time":"2026-05-24T18:45:21-04:00","message":"op scheduled for retry at 2026-05-24T22:45:22.38789876Z"}
status=running processed=2 succeeded=0 failed=0 retried=0
{"level":"info","event":"op_leased","workflow_id":"ocr-mvp-3a775e1e-e54f-4fa0-8277-175c92e07972","op_id":"ocr-page-001","site":"ocr-mvp","queue":"ocr","workflow_status":"","attempt":2,"time":"2026-05-24T18:45:21-04:00","message":"leased op"}
{"level":"info","event":"op_retried","workflow_id":"ocr-mvp-3a775e1e-e54f-4fa0-8277-175c92e07972","op_id":"ocr-page-001","site":"ocr-mvp","queue":"ocr","workflow_status":"","attempt":2,"time":"2026-05-24T18:45:21-04:00","message":"op scheduled for retry at 2026-05-24T22:45:23.666667598Z"}
{"level":"info","event":"op_leased","workflow_id":"ocr-mvp-3a775e1e-e54f-4fa0-8277-175c92e07972","op_id":"ocr-page-002","site":"ocr-mvp","queue":"ocr","workflow_status":"","attempt":2,"time":"2026-05-24T18:45:21-04:00","message":"leased op"}
{"level":"info","event":"op_retried","workflow_id":"ocr-mvp-3a775e1e-e54f-4fa0-8277-175c92e07972","op_id":"ocr-page-002","site":"ocr-mvp","queue":"ocr","workflow_status":"","attempt":2,"time":"2026-05-24T18:45:21-04:00","message":"op scheduled for retry at 2026-05-24T22:45:23.666667598Z"}
status=running processed=2 succeeded=0 failed=0 retried=0
{"level":"info","event":"op_leased","workflow_id":"ocr-mvp-3a775e1e-e54f-4fa0-8277-175c92e07972","op_id":"ocr-page-003","site":"ocr-mvp","queue":"ocr","workflow_status":"","attempt":2,"time":"2026-05-24T18:45:21-04:00","message":"leased op"}
{"level":"info","event":"op_retried","workflow_id":"ocr-mvp-3a775e1e-e54f-4fa0-8277-175c92e07972","op_id":"ocr-page-003","site":"ocr-mvp","queue":"ocr","workflow_status":"","attempt":2,"time":"2026-05-24T18:45:21-04:00","message":"op scheduled for retry at 2026-05-24T22:45:23.944290044Z"}
{"level":"info","event":"op_leased","workflow_id":"ocr-mvp-3a775e1e-e54f-4fa0-8277-175c92e07972","op_id":"ocr-page-004","site":"ocr-mvp","queue":"ocr","workflow_status":"","attempt":2,"time":"2026-05-24T18:45:21-04:00","message":"leased op"}
{"level":"info","event":"op_retried","workflow_id":"ocr-mvp-3a775e1e-e54f-4fa0-8277-175c92e07972","op_id":"ocr-page-004","site":"ocr-mvp","queue":"ocr","workflow_status":"","attempt":2,"time":"2026-05-24T18:45:21-04:00","message":"op scheduled for retry at 2026-05-24T22:45:23.944290044Z"}
status=running processed=2 succeeded=0 failed=0 retried=0
{"level":"info","event":"op_leased","workflow_id":"ocr-mvp-3a775e1e-e54f-4fa0-8277-175c92e07972","op_id":"ocr-page-005","site":"ocr-mvp","queue":"ocr","workflow_status":"","attempt":2,"time":"2026-05-24T18:45:22-04:00","message":"leased op"}
{"level":"info","event":"op_retried","workflow_id":"ocr-mvp-3a775e1e-e54f-4fa0-8277-175c92e07972","op_id":"ocr-page-005","site":"ocr-mvp","queue":"ocr","workflow_status":"","attempt":2,"time":"2026-05-24T18:45:22-04:00","message":"op scheduled for retry at 2026-05-24T22:45:24.222871899Z"}
{"level":"info","event":"op_leased","workflow_id":"ocr-mvp-3a775e1e-e54f-4fa0-8277-175c92e07972","op_id":"ocr-page-006","site":"ocr-mvp","queue":"ocr","workflow_status":"","attempt":2,"time":"2026-05-24T18:45:22-04:00","message":"leased op"}
{"level":"info","event":"op_retried","workflow_id":"ocr-mvp-3a775e1e-e54f-4fa0-8277-175c92e07972","op_id":"ocr-page-006","site":"ocr-mvp","queue":"ocr","workflow_status":"","attempt":2,"time":"2026-05-24T18:45:22-04:00","message":"op scheduled for retry at 2026-05-24T22:45:24.222871899Z"}
status=running processed=2 succeeded=0 failed=0 retried=0
{"level":"info","event":"op_leased","workflow_id":"ocr-mvp-3a775e1e-e54f-4fa0-8277-175c92e07972","op_id":"ocr-page-007","site":"ocr-mvp","queue":"ocr","workflow_status":"","attempt":2,"time":"2026-05-24T18:45:22-04:00","message":"leased op"}
{"level":"info","event":"op_retried","workflow_id":"ocr-mvp-3a775e1e-e54f-4fa0-8277-175c92e07972","op_id":"ocr-page-007","site":"ocr-mvp","queue":"ocr","workflow_status":"","attempt":2,"time":"2026-05-24T18:45:22-04:00","message":"op scheduled for retry at 2026-05-24T22:45:24.504346756Z"}
{"level":"info","event":"op_leased","workflow_id":"ocr-mvp-3a775e1e-e54f-4fa0-8277-175c92e07972","op_id":"ocr-page-008","site":"ocr-mvp","queue":"ocr","workflow_status":"","attempt":2,"time":"2026-05-24T18:45:22-04:00","message":"leased op"}
{"level":"info","event":"op_retried","workflow_id":"ocr-mvp-3a775e1e-e54f-4fa0-8277-175c92e07972","op_id":"ocr-page-008","site":"ocr-mvp","queue":"ocr","workflow_status":"","attempt":2,"time":"2026-05-24T18:45:22-04:00","message":"op scheduled for retry at 2026-05-24T22:45:24.504346756Z"}
status=running processed=2 succeeded=0 failed=0 retried=0
{"level":"info","event":"op_leased","workflow_id":"ocr-mvp-3a775e1e-e54f-4fa0-8277-175c92e07972","op_id":"ocr-page-009","site":"ocr-mvp","queue":"ocr","workflow_status":"","attempt":1,"time":"2026-05-24T18:45:22-04:00","message":"leased op"}
{"level":"info","event":"op_retried","workflow_id":"ocr-mvp-3a775e1e-e54f-4fa0-8277-175c92e07972","op_id":"ocr-page-009","site":"ocr-mvp","queue":"ocr","workflow_status":"","attempt":1,"time":"2026-05-24T18:45:22-04:00","message":"op scheduled for retry at 2026-05-24T22:45:23.78429842Z"}
{"level":"info","event":"op_leased","workflow_id":"ocr-mvp-3a775e1e-e54f-4fa0-8277-175c92e07972","op_id":"ocr-page-010","site":"ocr-mvp","queue":"ocr","workflow_status":"","attempt":1,"time":"2026-05-24T18:45:22-04:00","message":"leased op"}
{"level":"info","event":"op_retried","workflow_id":"ocr-mvp-3a775e1e-e54f-4fa0-8277-175c92e07972","op_id":"ocr-page-010","site":"ocr-mvp","queue":"ocr","workflow_status":"","attempt":1,"time":"2026-05-24T18:45:22-04:00","message":"op scheduled for retry at 2026-05-24T22:45:23.78429842Z"}
status=running processed=2 succeeded=0 failed=0 retried=0
{"level":"info","event":"op_leased","workflow_id":"ocr-mvp-3a775e1e-e54f-4fa0-8277-175c92e07972","op_id":"ocr-page-011","site":"ocr-mvp","queue":"ocr","workflow_status":"","attempt":1,"time":"2026-05-24T18:45:23-04:00","message":"leased op"}
{"level":"info","event":"op_retried","workflow_id":"ocr-mvp-3a775e1e-e54f-4fa0-8277-175c92e07972","op_id":"ocr-page-011","site":"ocr-mvp","queue":"ocr","workflow_status":"","attempt":1,"time":"2026-05-24T18:45:23-04:00","message":"op scheduled for retry at 2026-05-24T22:45:24.062771379Z"}
{"level":"info","event":"op_leased","workflow_id":"ocr-mvp-3a775e1e-e54f-4fa0-8277-175c92e07972","op_id":"ocr-page-012","site":"ocr-mvp","queue":"ocr","workflow_status":"","attempt":1,"time":"2026-05-24T18:45:23-04:00","message":"leased op"}
{"level":"info","event":"op_retried","workflow_id":"ocr-mvp-3a775e1e-e54f-4fa0-8277-175c92e07972","op_id":"ocr-page-012","site":"ocr-mvp","queue":"ocr","workflow_status":"","attempt":1,"time":"2026-05-24T18:45:23-04:00","message":"op scheduled for retry at 2026-05-24T22:45:24.062771379Z"}
status=running processed=2 succeeded=0 failed=0 retried=0
{"level":"info","event":"op_leased","workflow_id":"ocr-mvp-3a775e1e-e54f-4fa0-8277-175c92e07972","op_id":"ocr-page-013","site":"ocr-mvp","queue":"ocr","workflow_status":"","attempt":1,"time":"2026-05-24T18:45:23-04:00","message":"leased op"}
{"level":"info","event":"op_retried","workflow_id":"ocr-mvp-3a775e1e-e54f-4fa0-8277-175c92e07972","op_id":"ocr-page-013","site":"ocr-mvp","queue":"ocr","workflow_status":"","attempt":1,"time":"2026-05-24T18:45:23-04:00","message":"op scheduled for retry at 2026-05-24T22:45:24.343357421Z"}
{"level":"info","event":"op_leased","workflow_id":"ocr-mvp-3a775e1e-e54f-4fa0-8277-175c92e07972","op_id":"ocr-page-014","site":"ocr-mvp","queue":"ocr","workflow_status":"","attempt":1,"time":"2026-05-24T18:45:23-04:00","message":"leased op"}
{"level":"info","event":"op_retried","workflow_id":"ocr-mvp-3a775e1e-e54f-4fa0-8277-175c92e07972","op_id":"ocr-page-014","site":"ocr-mvp","queue":"ocr","workflow_status":"","attempt":1,"time":"2026-05-24T18:45:23-04:00","message":"op scheduled for retry at 2026-05-24T22:45:24.343357421Z"}
status=running processed=2 succeeded=0 failed=0 retried=0
{"level":"info","event":"op_leased","workflow_id":"ocr-mvp-3a775e1e-e54f-4fa0-8277-175c92e07972","op_id":"ocr-page-015","site":"ocr-mvp","queue":"ocr","workflow_status":"","attempt":1,"time":"2026-05-24T18:45:23-04:00","message":"leased op"}
{"level":"info","event":"op_retried","workflow_id":"ocr-mvp-3a775e1e-e54f-4fa0-8277-175c92e07972","op_id":"ocr-page-015","site":"ocr-mvp","queue":"ocr","workflow_status":"","attempt":1,"time":"2026-05-24T18:45:23-04:00","message":"op scheduled for retry at 2026-05-24T22:45:24.624243918Z"}
{"level":"info","event":"op_leased","workflow_id":"ocr-mvp-3a775e1e-e54f-4fa0-8277-175c92e07972","op_id":"ocr-page-016","site":"ocr-mvp","queue":"ocr","workflow_status":"","attempt":1,"time":"2026-05-24T18:45:23-04:00","message":"leased op"}
{"level":"info","event":"op_retried","workflow_id":"ocr-mvp-3a775e1e-e54f-4fa0-8277-175c92e07972","op_id":"ocr-page-016","site":"ocr-mvp","queue":"ocr","workflow_status":"","attempt":1,"time":"2026-05-24T18:45:23-04:00","message":"op scheduled for retry at 2026-05-24T22:45:24.624243918Z"}
status=running processed=2 succeeded=0 failed=0 retried=0
{"level":"info","event":"op_leased","workflow_id":"ocr-mvp-3a775e1e-e54f-4fa0-8277-175c92e07972","op_id":"ocr-page-001","site":"ocr-mvp","queue":"ocr","workflow_status":"","attempt":3,"time":"2026-05-24T18:45:23-04:00","message":"leased op"}
{"level":"warn","error_code":"ocr_geppetto_failed","retryable":true,"event":"op_failed","workflow_id":"ocr-mvp-3a775e1e-e54f-4fa0-8277-175c92e07972","op_id":"ocr-page-001","site":"ocr-mvp","queue":"ocr","attempt":3,"time":"2026-05-24T18:45:23-04:00","message":"op failed"}
{"level":"info","event":"op_leased","workflow_id":"ocr-mvp-3a775e1e-e54f-4fa0-8277-175c92e07972","op_id":"ocr-page-002","site":"ocr-mvp","queue":"ocr","workflow_status":"","attempt":3,"time":"2026-05-24T18:45:23-04:00","message":"leased op"}
{"level":"warn","error_code":"ocr_geppetto_failed","retryable":true,"event":"op_failed","workflow_id":"ocr-mvp-3a775e1e-e54f-4fa0-8277-175c92e07972","op_id":"ocr-page-002","site":"ocr-mvp","queue":"ocr","attempt":3,"time":"2026-05-24T18:45:23-04:00","message":"op failed"}
status=running processed=2 succeeded=0 failed=0 retried=0
{"level":"info","event":"op_leased","workflow_id":"ocr-mvp-3a775e1e-e54f-4fa0-8277-175c92e07972","op_id":"ocr-page-003","site":"ocr-mvp","queue":"ocr","workflow_status":"","attempt":3,"time":"2026-05-24T18:45:24-04:00","message":"leased op"}
{"level":"warn","error_code":"ocr_geppetto_failed","retryable":true,"event":"op_failed","workflow_id":"ocr-mvp-3a775e1e-e54f-4fa0-8277-175c92e07972","op_id":"ocr-page-003","site":"ocr-mvp","queue":"ocr","attempt":3,"time":"2026-05-24T18:45:24-04:00","message":"op failed"}
{"level":"info","event":"op_leased","workflow_id":"ocr-mvp-3a775e1e-e54f-4fa0-8277-175c92e07972","op_id":"ocr-page-004","site":"ocr-mvp","queue":"ocr","workflow_status":"","attempt":3,"time":"2026-05-24T18:45:24-04:00","message":"leased op"}
{"level":"warn","error_code":"ocr_geppetto_failed","retryable":true,"event":"op_failed","workflow_id":"ocr-mvp-3a775e1e-e54f-4fa0-8277-175c92e07972","op_id":"ocr-page-004","site":"ocr-mvp","queue":"ocr","attempt":3,"time":"2026-05-24T18:45:24-04:00","message":"op failed"}
status=running processed=2 succeeded=0 failed=0 retried=0
{"level":"info","event":"op_leased","workflow_id":"ocr-mvp-3a775e1e-e54f-4fa0-8277-175c92e07972","op_id":"ocr-page-005","site":"ocr-mvp","queue":"ocr","workflow_status":"","attempt":3,"time":"2026-05-24T18:45:24-04:00","message":"leased op"}
{"level":"warn","error_code":"ocr_geppetto_failed","retryable":true,"event":"op_failed","workflow_id":"ocr-mvp-3a775e1e-e54f-4fa0-8277-175c92e07972","op_id":"ocr-page-005","site":"ocr-mvp","queue":"ocr","attempt":3,"time":"2026-05-24T18:45:24-04:00","message":"op failed"}
{"level":"info","event":"op_leased","workflow_id":"ocr-mvp-3a775e1e-e54f-4fa0-8277-175c92e07972","op_id":"ocr-page-006","site":"ocr-mvp","queue":"ocr","workflow_status":"","attempt":3,"time":"2026-05-24T18:45:24-04:00","message":"leased op"}
{"level":"warn","error_code":"ocr_geppetto_failed","retryable":true,"event":"op_failed","workflow_id":"ocr-mvp-3a775e1e-e54f-4fa0-8277-175c92e07972","op_id":"ocr-page-006","site":"ocr-mvp","queue":"ocr","attempt":3,"time":"2026-05-24T18:45:24-04:00","message":"op failed"}
status=running processed=2 succeeded=0 failed=0 retried=0
{"level":"info","event":"op_leased","workflow_id":"ocr-mvp-3a775e1e-e54f-4fa0-8277-175c92e07972","op_id":"ocr-page-007","site":"ocr-mvp","queue":"ocr","workflow_status":"","attempt":3,"time":"2026-05-24T18:45:24-04:00","message":"leased op"}
{"level":"warn","error_code":"ocr_geppetto_failed","retryable":true,"event":"op_failed","workflow_id":"ocr-mvp-3a775e1e-e54f-4fa0-8277-175c92e07972","op_id":"ocr-page-007","site":"ocr-mvp","queue":"ocr","attempt":3,"time":"2026-05-24T18:45:24-04:00","message":"op failed"}
{"level":"info","event":"op_leased","workflow_id":"ocr-mvp-3a775e1e-e54f-4fa0-8277-175c92e07972","op_id":"ocr-page-008","site":"ocr-mvp","queue":"ocr","workflow_status":"","attempt":3,"time":"2026-05-24T18:45:24-04:00","message":"leased op"}
{"level":"warn","error_code":"ocr_geppetto_failed","retryable":true,"event":"op_failed","workflow_id":"ocr-mvp-3a775e1e-e54f-4fa0-8277-175c92e07972","op_id":"ocr-page-008","site":"ocr-mvp","queue":"ocr","attempt":3,"time":"2026-05-24T18:45:24-04:00","message":"op failed"}
status=running processed=2 succeeded=0 failed=0 retried=0
{"level":"info","event":"op_leased","workflow_id":"ocr-mvp-3a775e1e-e54f-4fa0-8277-175c92e07972","op_id":"ocr-page-009","site":"ocr-mvp","queue":"ocr","workflow_status":"","attempt":2,"time":"2026-05-24T18:45:25-04:00","message":"leased op"}
{"level":"info","event":"op_retried","workflow_id":"ocr-mvp-3a775e1e-e54f-4fa0-8277-175c92e07972","op_id":"ocr-page-009","site":"ocr-mvp","queue":"ocr","workflow_status":"","attempt":2,"time":"2026-05-24T18:45:25-04:00","message":"op scheduled for retry at 2026-05-24T22:45:27.022199281Z"}
{"level":"info","event":"op_leased","workflow_id":"ocr-mvp-3a775e1e-e54f-4fa0-8277-175c92e07972","op_id":"ocr-page-010","site":"ocr-mvp","queue":"ocr","workflow_status":"","attempt":2,"time":"2026-05-24T18:45:25-04:00","message":"leased op"}
{"level":"info","event":"op_retried","workflow_id":"ocr-mvp-3a775e1e-e54f-4fa0-8277-175c92e07972","op_id":"ocr-page-010","site":"ocr-mvp","queue":"ocr","workflow_status":"","attempt":2,"time":"2026-05-24T18:45:25-04:00","message":"op scheduled for retry at 2026-05-24T22:45:27.022199281Z"}
status=running processed=2 succeeded=0 failed=0 retried=0
{"level":"info","event":"op_leased","workflow_id":"ocr-mvp-3a775e1e-e54f-4fa0-8277-175c92e07972","op_id":"ocr-page-011","site":"ocr-mvp","queue":"ocr","workflow_status":"","attempt":2,"time":"2026-05-24T18:45:25-04:00","message":"leased op"}
{"level":"info","event":"op_retried","workflow_id":"ocr-mvp-3a775e1e-e54f-4fa0-8277-175c92e07972","op_id":"ocr-page-011","site":"ocr-mvp","queue":"ocr","workflow_status":"","attempt":2,"time":"2026-05-24T18:45:25-04:00","message":"op scheduled for retry at 2026-05-24T22:45:27.299314661Z"}
{"level":"info","event":"op_leased","workflow_id":"ocr-mvp-3a775e1e-e54f-4fa0-8277-175c92e07972","op_id":"ocr-page-012","site":"ocr-mvp","queue":"ocr","workflow_status":"","attempt":2,"time":"2026-05-24T18:45:25-04:00","message":"leased op"}
{"level":"info","event":"op_retried","workflow_id":"ocr-mvp-3a775e1e-e54f-4fa0-8277-175c92e07972","op_id":"ocr-page-012","site":"ocr-mvp","queue":"ocr","workflow_status":"","attempt":2,"time":"2026-05-24T18:45:25-04:00","message":"op scheduled for retry at 2026-05-24T22:45:27.299314661Z"}
status=running processed=2 succeeded=0 failed=0 retried=0
{"level":"info","event":"op_leased","workflow_id":"ocr-mvp-3a775e1e-e54f-4fa0-8277-175c92e07972","op_id":"ocr-page-013","site":"ocr-mvp","queue":"ocr","workflow_status":"","attempt":2,"time":"2026-05-24T18:45:25-04:00","message":"leased op"}
{"level":"info","event":"op_retried","workflow_id":"ocr-mvp-3a775e1e-e54f-4fa0-8277-175c92e07972","op_id":"ocr-page-013","site":"ocr-mvp","queue":"ocr","workflow_status":"","attempt":2,"time":"2026-05-24T18:45:25-04:00","message":"op scheduled for retry at 2026-05-24T22:45:27.580349991Z"}
{"level":"info","event":"op_leased","workflow_id":"ocr-mvp-3a775e1e-e54f-4fa0-8277-175c92e07972","op_id":"ocr-page-014","site":"ocr-mvp","queue":"ocr","workflow_status":"","attempt":2,"time":"2026-05-24T18:45:25-04:00","message":"leased op"}
{"level":"info","event":"op_retried","workflow_id":"ocr-mvp-3a775e1e-e54f-4fa0-8277-175c92e07972","op_id":"ocr-page-014","site":"ocr-mvp","queue":"ocr","workflow_status":"","attempt":2,"time":"2026-05-24T18:45:25-04:00","message":"op scheduled for retry at 2026-05-24T22:45:27.580349991Z"}
status=running processed=2 succeeded=0 failed=0 retried=0
{"level":"info","event":"op_leased","workflow_id":"ocr-mvp-3a775e1e-e54f-4fa0-8277-175c92e07972","op_id":"ocr-page-015","site":"ocr-mvp","queue":"ocr","workflow_status":"","attempt":2,"time":"2026-05-24T18:45:25-04:00","message":"leased op"}
{"level":"info","event":"op_retried","workflow_id":"ocr-mvp-3a775e1e-e54f-4fa0-8277-175c92e07972","op_id":"ocr-page-015","site":"ocr-mvp","queue":"ocr","workflow_status":"","attempt":2,"time":"2026-05-24T18:45:25-04:00","message":"op scheduled for retry at 2026-05-24T22:45:27.856024306Z"}
{"level":"info","event":"op_leased","workflow_id":"ocr-mvp-3a775e1e-e54f-4fa0-8277-175c92e07972","op_id":"ocr-page-016","site":"ocr-mvp","queue":"ocr","workflow_status":"","attempt":2,"time":"2026-05-24T18:45:25-04:00","message":"leased op"}
{"level":"info","event":"op_retried","workflow_id":"ocr-mvp-3a775e1e-e54f-4fa0-8277-175c92e07972","op_id":"ocr-page-016","site":"ocr-mvp","queue":"ocr","workflow_status":"","attempt":2,"time":"2026-05-24T18:45:25-04:00","message":"op scheduled for retry at 2026-05-24T22:45:27.856024306Z"}
status=running processed=2 succeeded=0 failed=0 retried=0
{"level":"info","event":"op_leased","workflow_id":"ocr-mvp-3a775e1e-e54f-4fa0-8277-175c92e07972","op_id":"ocr-page-017","site":"ocr-mvp","queue":"ocr","workflow_status":"","attempt":1,"time":"2026-05-24T18:45:26-04:00","message":"leased op"}
{"level":"info","event":"op_retried","workflow_id":"ocr-mvp-3a775e1e-e54f-4fa0-8277-175c92e07972","op_id":"ocr-page-017","site":"ocr-mvp","queue":"ocr","workflow_status":"","attempt":1,"time":"2026-05-24T18:45:26-04:00","message":"op scheduled for retry at 2026-05-24T22:45:27.137894577Z"}
{"level":"info","event":"op_leased","workflow_id":"ocr-mvp-3a775e1e-e54f-4fa0-8277-175c92e07972","op_id":"ocr-page-018","site":"ocr-mvp","queue":"ocr","workflow_status":"","attempt":1,"time":"2026-05-24T18:45:26-04:00","message":"leased op"}
{"level":"info","event":"op_retried","workflow_id":"ocr-mvp-3a775e1e-e54f-4fa0-8277-175c92e07972","op_id":"ocr-page-018","site":"ocr-mvp","queue":"ocr","workflow_status":"","attempt":1,"time":"2026-05-24T18:45:26-04:00","message":"op scheduled for retry at 2026-05-24T22:45:27.137894577Z"}
status=running processed=2 succeeded=0 failed=0 retried=0
{"level":"info","event":"op_leased","workflow_id":"ocr-mvp-3a775e1e-e54f-4fa0-8277-175c92e07972","op_id":"ocr-page-019","site":"ocr-mvp","queue":"ocr","workflow_status":"","attempt":1,"time":"2026-05-24T18:45:26-04:00","message":"leased op"}
{"level":"info","event":"op_retried","workflow_id":"ocr-mvp-3a775e1e-e54f-4fa0-8277-175c92e07972","op_id":"ocr-page-019","site":"ocr-mvp","queue":"ocr","workflow_status":"","attempt":1,"time":"2026-05-24T18:45:26-04:00","message":"op scheduled for retry at 2026-05-24T22:45:27.415336998Z"}
{"level":"info","event":"op_leased","workflow_id":"ocr-mvp-3a775e1e-e54f-4fa0-8277-175c92e07972","op_id":"ocr-page-020","site":"ocr-mvp","queue":"ocr","workflow_status":"","attempt":1,"time":"2026-05-24T18:45:26-04:00","message":"leased op"}
{"level":"info","event":"op_retried","workflow_id":"ocr-mvp-3a775e1e-e54f-4fa0-8277-175c92e07972","op_id":"ocr-page-020","site":"ocr-mvp","queue":"ocr","workflow_status":"","attempt":1,"time":"2026-05-24T18:45:26-04:00","message":"op scheduled for retry at 2026-05-24T22:45:27.415336998Z"}
status=running processed=2 succeeded=0 failed=0 retried=0
{"level":"info","event":"op_leased","workflow_id":"ocr-mvp-3a775e1e-e54f-4fa0-8277-175c92e07972","op_id":"ocr-page-021","site":"ocr-mvp","queue":"ocr","workflow_status":"","attempt":1,"time":"2026-05-24T18:45:26-04:00","message":"leased op"}
{"level":"info","event":"op_retried","workflow_id":"ocr-mvp-3a775e1e-e54f-4fa0-8277-175c92e07972","op_id":"ocr-page-021","site":"ocr-mvp","queue":"ocr","workflow_status":"","attempt":1,"time":"2026-05-24T18:45:26-04:00","message":"op scheduled for retry at 2026-05-24T22:45:27.694441535Z"}
{"level":"info","event":"op_leased","workflow_id":"ocr-mvp-3a775e1e-e54f-4fa0-8277-175c92e07972","op_id":"ocr-page-022","site":"ocr-mvp","queue":"ocr","workflow_status":"","attempt":1,"time":"2026-05-24T18:45:26-04:00","message":"leased op"}
{"level":"info","event":"op_retried","workflow_id":"ocr-mvp-3a775e1e-e54f-4fa0-8277-175c92e07972","op_id":"ocr-page-022","site":"ocr-mvp","queue":"ocr","workflow_status":"","attempt":1,"time":"2026-05-24T18:45:26-04:00","message":"op scheduled for retry at 2026-05-24T22:45:27.694441535Z"}
status=running processed=2 succeeded=0 failed=0 retried=0
{"level":"info","event":"op_leased","workflow_id":"ocr-mvp-3a775e1e-e54f-4fa0-8277-175c92e07972","op_id":"ocr-page-023","site":"ocr-mvp","queue":"ocr","workflow_status":"","attempt":1,"time":"2026-05-24T18:45:26-04:00","message":"leased op"}
{"level":"info","event":"op_retried","workflow_id":"ocr-mvp-3a775e1e-e54f-4fa0-8277-175c92e07972","op_id":"ocr-page-023","site":"ocr-mvp","queue":"ocr","workflow_status":"","attempt":1,"time":"2026-05-24T18:45:26-04:00","message":"op scheduled for retry at 2026-05-24T22:45:27.971803396Z"}
{"level":"info","event":"op_leased","workflow_id":"ocr-mvp-3a775e1e-e54f-4fa0-8277-175c92e07972","op_id":"ocr-page-024","site":"ocr-mvp","queue":"ocr","workflow_status":"","attempt":1,"time":"2026-05-24T18:45:26-04:00","message":"leased op"}
{"level":"info","event":"op_retried","workflow_id":"ocr-mvp-3a775e1e-e54f-4fa0-8277-175c92e07972","op_id":"ocr-page-024","site":"ocr-mvp","queue":"ocr","workflow_status":"","attempt":1,"time":"2026-05-24T18:45:27-04:00","message":"op scheduled for retry at 2026-05-24T22:45:27.971803396Z"}
status=running processed=2 succeeded=0 failed=0 retried=0
{"level":"info","event":"op_leased","workflow_id":"ocr-mvp-3a775e1e-e54f-4fa0-8277-175c92e07972","op_id":"ocr-page-009","site":"ocr-mvp","queue":"ocr","workflow_status":"","attempt":3,"time":"2026-05-24T18:45:27-04:00","message":"leased op"}
{"level":"warn","error_code":"ocr_geppetto_failed","retryable":true,"event":"op_failed","workflow_id":"ocr-mvp-3a775e1e-e54f-4fa0-8277-175c92e07972","op_id":"ocr-page-009","site":"ocr-mvp","queue":"ocr","attempt":3,"time":"2026-05-24T18:45:27-04:00","message":"op failed"}
{"level":"info","event":"op_leased","workflow_id":"ocr-mvp-3a775e1e-e54f-4fa0-8277-175c92e07972","op_id":"ocr-page-010","site":"ocr-mvp","queue":"ocr","workflow_status":"","attempt":3,"time":"2026-05-24T18:45:27-04:00","message":"leased op"}
{"level":"warn","error_code":"ocr_geppetto_failed","retryable":true,"event":"op_failed","workflow_id":"ocr-mvp-3a775e1e-e54f-4fa0-8277-175c92e07972","op_id":"ocr-page-010","site":"ocr-mvp","queue":"ocr","attempt":3,"time":"2026-05-24T18:45:27-04:00","message":"op failed"}
status=running processed=2 succeeded=0 failed=0 retried=0
{"level":"info","event":"op_leased","workflow_id":"ocr-mvp-3a775e1e-e54f-4fa0-8277-175c92e07972","op_id":"ocr-page-011","site":"ocr-mvp","queue":"ocr","workflow_status":"","attempt":3,"time":"2026-05-24T18:45:27-04:00","message":"leased op"}
{"level":"warn","error_code":"ocr_geppetto_failed","retryable":true,"event":"op_failed","workflow_id":"ocr-mvp-3a775e1e-e54f-4fa0-8277-175c92e07972","op_id":"ocr-page-011","site":"ocr-mvp","queue":"ocr","attempt":3,"time":"2026-05-24T18:45:27-04:00","message":"op failed"}
{"level":"info","event":"op_leased","workflow_id":"ocr-mvp-3a775e1e-e54f-4fa0-8277-175c92e07972","op_id":"ocr-page-012","site":"ocr-mvp","queue":"ocr","workflow_status":"","attempt":3,"time":"2026-05-24T18:45:27-04:00","message":"leased op"}
{"level":"warn","error_code":"ocr_geppetto_failed","retryable":true,"event":"op_failed","workflow_id":"ocr-mvp-3a775e1e-e54f-4fa0-8277-175c92e07972","op_id":"ocr-page-012","site":"ocr-mvp","queue":"ocr","attempt":3,"time":"2026-05-24T18:45:27-04:00","message":"op failed"}
status=running processed=2 succeeded=0 failed=0 retried=0
{"level":"info","event":"op_leased","workflow_id":"ocr-mvp-3a775e1e-e54f-4fa0-8277-175c92e07972","op_id":"ocr-page-013","site":"ocr-mvp","queue":"ocr","workflow_status":"","attempt":3,"time":"2026-05-24T18:45:27-04:00","message":"leased op"}
{"level":"warn","error_code":"ocr_geppetto_failed","retryable":true,"event":"op_failed","workflow_id":"ocr-mvp-3a775e1e-e54f-4fa0-8277-175c92e07972","op_id":"ocr-page-013","site":"ocr-mvp","queue":"ocr","attempt":3,"time":"2026-05-24T18:45:27-04:00","message":"op failed"}
{"level":"info","event":"op_leased","workflow_id":"ocr-mvp-3a775e1e-e54f-4fa0-8277-175c92e07972","op_id":"ocr-page-014","site":"ocr-mvp","queue":"ocr","workflow_status":"","attempt":3,"time":"2026-05-24T18:45:27-04:00","message":"leased op"}
{"level":"warn","error_code":"ocr_geppetto_failed","retryable":true,"event":"op_failed","workflow_id":"ocr-mvp-3a775e1e-e54f-4fa0-8277-175c92e07972","op_id":"ocr-page-014","site":"ocr-mvp","queue":"ocr","attempt":3,"time":"2026-05-24T18:45:27-04:00","message":"op failed"}
status=running processed=2 succeeded=0 failed=0 retried=0
{"level":"info","event":"op_leased","workflow_id":"ocr-mvp-3a775e1e-e54f-4fa0-8277-175c92e07972","op_id":"ocr-page-015","site":"ocr-mvp","queue":"ocr","workflow_status":"","attempt":3,"time":"2026-05-24T18:45:28-04:00","message":"leased op"}
{"level":"warn","error_code":"ocr_geppetto_failed","retryable":true,"event":"op_failed","workflow_id":"ocr-mvp-3a775e1e-e54f-4fa0-8277-175c92e07972","op_id":"ocr-page-015","site":"ocr-mvp","queue":"ocr","attempt":3,"time":"2026-05-24T18:45:28-04:00","message":"op failed"}
{"level":"info","event":"op_leased","workflow_id":"ocr-mvp-3a775e1e-e54f-4fa0-8277-175c92e07972","op_id":"ocr-page-016","site":"ocr-mvp","queue":"ocr","workflow_status":"","attempt":3,"time":"2026-05-24T18:45:28-04:00","message":"leased op"}
{"level":"warn","error_code":"ocr_geppetto_failed","retryable":true,"event":"op_failed","workflow_id":"ocr-mvp-3a775e1e-e54f-4fa0-8277-175c92e07972","op_id":"ocr-page-016","site":"ocr-mvp","queue":"ocr","attempt":3,"time":"2026-05-24T18:45:28-04:00","message":"op failed"}
status=running processed=2 succeeded=0 failed=0 retried=0
{"level":"info","event":"op_leased","workflow_id":"ocr-mvp-3a775e1e-e54f-4fa0-8277-175c92e07972","op_id":"ocr-page-017","site":"ocr-mvp","queue":"ocr","workflow_status":"","attempt":2,"time":"2026-05-24T18:45:28-04:00","message":"leased op"}
{"level":"info","event":"op_retried","workflow_id":"ocr-mvp-3a775e1e-e54f-4fa0-8277-175c92e07972","op_id":"ocr-page-017","site":"ocr-mvp","queue":"ocr","workflow_status":"","attempt":2,"time":"2026-05-24T18:45:28-04:00","message":"op scheduled for retry at 2026-05-24T22:45:30.376969604Z"}
{"level":"info","event":"op_leased","workflow_id":"ocr-mvp-3a775e1e-e54f-4fa0-8277-175c92e07972","op_id":"ocr-page-018","site":"ocr-mvp","queue":"ocr","workflow_status":"","attempt":2,"time":"2026-05-24T18:45:28-04:00","message":"leased op"}
{"level":"info","event":"op_retried","workflow_id":"ocr-mvp-3a775e1e-e54f-4fa0-8277-175c92e07972","op_id":"ocr-page-018","site":"ocr-mvp","queue":"ocr","workflow_status":"","attempt":2,"time":"2026-05-24T18:45:28-04:00","message":"op scheduled for retry at 2026-05-24T22:45:30.376969604Z"}
status=running processed=2 succeeded=0 failed=0 retried=0
{"level":"info","event":"op_leased","workflow_id":"ocr-mvp-3a775e1e-e54f-4fa0-8277-175c92e07972","op_id":"ocr-page-019","site":"ocr-mvp","queue":"ocr","workflow_status":"","attempt":2,"time":"2026-05-24T18:45:28-04:00","message":"leased op"}
{"level":"info","event":"op_retried","workflow_id":"ocr-mvp-3a775e1e-e54f-4fa0-8277-175c92e07972","op_id":"ocr-page-019","site":"ocr-mvp","queue":"ocr","workflow_status":"","attempt":2,"time":"2026-05-24T18:45:28-04:00","message":"op scheduled for retry at 2026-05-24T22:45:30.656470431Z"}
{"level":"info","event":"op_leased","workflow_id":"ocr-mvp-3a775e1e-e54f-4fa0-8277-175c92e07972","op_id":"ocr-page-020","site":"ocr-mvp","queue":"ocr","workflow_status":"","attempt":2,"time":"2026-05-24T18:45:28-04:00","message":"leased op"}
{"level":"info","event":"op_retried","workflow_id":"ocr-mvp-3a775e1e-e54f-4fa0-8277-175c92e07972","op_id":"ocr-page-020","site":"ocr-mvp","queue":"ocr","workflow_status":"","attempt":2,"time":"2026-05-24T18:45:28-04:00","message":"op scheduled for retry at 2026-05-24T22:45:30.656470431Z"}
status=running processed=2 succeeded=0 failed=0 retried=0
{"level":"info","event":"op_leased","workflow_id":"ocr-mvp-3a775e1e-e54f-4fa0-8277-175c92e07972","op_id":"ocr-page-021","site":"ocr-mvp","queue":"ocr","workflow_status":"","attempt":2,"time":"2026-05-24T18:45:28-04:00","message":"leased op"}
{"level":"info","event":"op_retried","workflow_id":"ocr-mvp-3a775e1e-e54f-4fa0-8277-175c92e07972","op_id":"ocr-page-021","site":"ocr-mvp","queue":"ocr","workflow_status":"","attempt":2,"time":"2026-05-24T18:45:28-04:00","message":"op scheduled for retry at 2026-05-24T22:45:30.935737489Z"}
{"level":"info","event":"op_leased","workflow_id":"ocr-mvp-3a775e1e-e54f-4fa0-8277-175c92e07972","op_id":"ocr-page-022","site":"ocr-mvp","queue":"ocr","workflow_status":"","attempt":2,"time":"2026-05-24T18:45:28-04:00","message":"leased op"}
{"level":"info","event":"op_retried","workflow_id":"ocr-mvp-3a775e1e-e54f-4fa0-8277-175c92e07972","op_id":"ocr-page-022","site":"ocr-mvp","queue":"ocr","workflow_status":"","attempt":2,"time":"2026-05-24T18:45:28-04:00","message":"op scheduled for retry at 2026-05-24T22:45:30.935737489Z"}
status=running processed=2 succeeded=0 failed=0 retried=0
{"level":"info","event":"op_leased","workflow_id":"ocr-mvp-3a775e1e-e54f-4fa0-8277-175c92e07972","op_id":"ocr-page-023","site":"ocr-mvp","queue":"ocr","workflow_status":"","attempt":2,"time":"2026-05-24T18:45:29-04:00","message":"leased op"}
{"level":"info","event":"op_retried","workflow_id":"ocr-mvp-3a775e1e-e54f-4fa0-8277-175c92e07972","op_id":"ocr-page-023","site":"ocr-mvp","queue":"ocr","workflow_status":"","attempt":2,"time":"2026-05-24T18:45:29-04:00","message":"op scheduled for retry at 2026-05-24T22:45:31.228270377Z"}
{"level":"info","event":"op_leased","workflow_id":"ocr-mvp-3a775e1e-e54f-4fa0-8277-175c92e07972","op_id":"ocr-page-024","site":"ocr-mvp","queue":"ocr","workflow_status":"","attempt":2,"time":"2026-05-24T18:45:29-04:00","message":"leased op"}
{"level":"info","event":"op_retried","workflow_id":"ocr-mvp-3a775e1e-e54f-4fa0-8277-175c92e07972","op_id":"ocr-page-024","site":"ocr-mvp","queue":"ocr","workflow_status":"","attempt":2,"time":"2026-05-24T18:45:29-04:00","message":"op scheduled for retry at 2026-05-24T22:45:31.228270377Z"}
status=running processed=2 succeeded=0 failed=0 retried=0
{"level":"info","event":"op_leased","workflow_id":"ocr-mvp-3a775e1e-e54f-4fa0-8277-175c92e07972","op_id":"ocr-page-025","site":"ocr-mvp","queue":"ocr","workflow_status":"","attempt":1,"time":"2026-05-24T18:45:29-04:00","message":"leased op"}
{"level":"info","event":"op_retried","workflow_id":"ocr-mvp-3a775e1e-e54f-4fa0-8277-175c92e07972","op_id":"ocr-page-025","site":"ocr-mvp","queue":"ocr","workflow_status":"","attempt":1,"time":"2026-05-24T18:45:29-04:00","message":"op scheduled for retry at 2026-05-24T22:45:30.503984194Z"}
{"level":"info","event":"op_leased","workflow_id":"ocr-mvp-3a775e1e-e54f-4fa0-8277-175c92e07972","op_id":"ocr-page-026","site":"ocr-mvp","queue":"ocr","workflow_status":"","attempt":1,"time":"2026-05-24T18:45:29-04:00","message":"leased op"}
{"level":"info","event":"op_retried","workflow_id":"ocr-mvp-3a775e1e-e54f-4fa0-8277-175c92e07972","op_id":"ocr-page-026","site":"ocr-mvp","queue":"ocr","workflow_status":"","attempt":1,"time":"2026-05-24T18:45:29-04:00","message":"op scheduled for retry at 2026-05-24T22:45:30.503984194Z"}
status=running processed=2 succeeded=0 failed=0 retried=0
{"level":"info","event":"op_leased","workflow_id":"ocr-mvp-3a775e1e-e54f-4fa0-8277-175c92e07972","op_id":"ocr-page-027","site":"ocr-mvp","queue":"ocr","workflow_status":"","attempt":1,"time":"2026-05-24T18:45:29-04:00","message":"leased op"}
{"level":"info","event":"op_retried","workflow_id":"ocr-mvp-3a775e1e-e54f-4fa0-8277-175c92e07972","op_id":"ocr-page-027","site":"ocr-mvp","queue":"ocr","workflow_status":"","attempt":1,"time":"2026-05-24T18:45:29-04:00","message":"op scheduled for retry at 2026-05-24T22:45:30.785819564Z"}
{"level":"info","event":"op_leased","workflow_id":"ocr-mvp-3a775e1e-e54f-4fa0-8277-175c92e07972","op_id":"ocr-page-028","site":"ocr-mvp","queue":"ocr","workflow_status":"","attempt":1,"time":"2026-05-24T18:45:29-04:00","message":"leased op"}
{"level":"info","event":"op_retried","workflow_id":"ocr-mvp-3a775e1e-e54f-4fa0-8277-175c92e07972","op_id":"ocr-page-028","site":"ocr-mvp","queue":"ocr","workflow_status":"","attempt":1,"time":"2026-05-24T18:45:29-04:00","message":"op scheduled for retry at 2026-05-24T22:45:30.785819564Z"}
status=running processed=2 succeeded=0 failed=0 retried=0
{"level":"info","event":"op_leased","workflow_id":"ocr-mvp-3a775e1e-e54f-4fa0-8277-175c92e07972","op_id":"ocr-page-029","site":"ocr-mvp","queue":"ocr","workflow_status":"","attempt":1,"time":"2026-05-24T18:45:30-04:00","message":"leased op"}
{"level":"info","event":"op_retried","workflow_id":"ocr-mvp-3a775e1e-e54f-4fa0-8277-175c92e07972","op_id":"ocr-page-029","site":"ocr-mvp","queue":"ocr","workflow_status":"","attempt":1,"time":"2026-05-24T18:45:30-04:00","message":"op scheduled for retry at 2026-05-24T22:45:31.065558246Z"}
{"level":"info","event":"op_leased","workflow_id":"ocr-mvp-3a775e1e-e54f-4fa0-8277-175c92e07972","op_id":"ocr-page-030","site":"ocr-mvp","queue":"ocr","workflow_status":"","attempt":1,"time":"2026-05-24T18:45:30-04:00","message":"leased op"}
{"level":"info","event":"op_retried","workflow_id":"ocr-mvp-3a775e1e-e54f-4fa0-8277-175c92e07972","op_id":"ocr-page-030","site":"ocr-mvp","queue":"ocr","workflow_status":"","attempt":1,"time":"2026-05-24T18:45:30-04:00","message":"op scheduled for retry at 2026-05-24T22:45:31.065558246Z"}
status=running processed=2 succeeded=0 failed=0 retried=0
{"level":"trace","event":"idle","workflow_id":"","op_id":"","site":"","queue":"","workflow_status":"","attempt":0,"time":"2026-05-24T18:45:30-04:00","message":"no leaseable queues"}
status=running processed=0 succeeded=0 failed=0 retried=0
{"level":"info","event":"op_leased","workflow_id":"ocr-mvp-3a775e1e-e54f-4fa0-8277-175c92e07972","op_id":"ocr-page-017","site":"ocr-mvp","queue":"ocr","workflow_status":"","attempt":3,"time":"2026-05-24T18:45:30-04:00","message":"leased op"}
{"level":"warn","error_code":"ocr_geppetto_failed","retryable":true,"event":"op_failed","workflow_id":"ocr-mvp-3a775e1e-e54f-4fa0-8277-175c92e07972","op_id":"ocr-page-017","site":"ocr-mvp","queue":"ocr","attempt":3,"time":"2026-05-24T18:45:30-04:00","message":"op failed"}
{"level":"info","event":"op_leased","workflow_id":"ocr-mvp-3a775e1e-e54f-4fa0-8277-175c92e07972","op_id":"ocr-page-018","site":"ocr-mvp","queue":"ocr","workflow_status":"","attempt":3,"time":"2026-05-24T18:45:30-04:00","message":"leased op"}
{"level":"warn","error_code":"ocr_geppetto_failed","retryable":true,"event":"op_failed","workflow_id":"ocr-mvp-3a775e1e-e54f-4fa0-8277-175c92e07972","op_id":"ocr-page-018","site":"ocr-mvp","queue":"ocr","attempt":3,"time":"2026-05-24T18:45:30-04:00","message":"op failed"}
status=running processed=2 succeeded=0 failed=0 retried=0
{"level":"info","event":"op_leased","workflow_id":"ocr-mvp-3a775e1e-e54f-4fa0-8277-175c92e07972","op_id":"ocr-page-019","site":"ocr-mvp","queue":"ocr","workflow_status":"","attempt":3,"time":"2026-05-24T18:45:30-04:00","message":"leased op"}
{"level":"warn","error_code":"ocr_geppetto_failed","retryable":true,"event":"op_failed","workflow_id":"ocr-mvp-3a775e1e-e54f-4fa0-8277-175c92e07972","op_id":"ocr-page-019","site":"ocr-mvp","queue":"ocr","attempt":3,"time":"2026-05-24T18:45:30-04:00","message":"op failed"}
{"level":"info","event":"op_leased","workflow_id":"ocr-mvp-3a775e1e-e54f-4fa0-8277-175c92e07972","op_id":"ocr-page-020","site":"ocr-mvp","queue":"ocr","workflow_status":"","attempt":3,"time":"2026-05-24T18:45:30-04:00","message":"leased op"}
{"level":"warn","error_code":"ocr_geppetto_failed","retryable":true,"event":"op_failed","workflow_id":"ocr-mvp-3a775e1e-e54f-4fa0-8277-175c92e07972","op_id":"ocr-page-020","site":"ocr-mvp","queue":"ocr","attempt":3,"time":"2026-05-24T18:45:30-04:00","message":"op failed"}
status=running processed=2 succeeded=0 failed=0 retried=0
{"level":"info","event":"op_leased","workflow_id":"ocr-mvp-3a775e1e-e54f-4fa0-8277-175c92e07972","op_id":"ocr-page-021","site":"ocr-mvp","queue":"ocr","workflow_status":"","attempt":3,"time":"2026-05-24T18:45:31-04:00","message":"leased op"}
{"level":"warn","error_code":"ocr_geppetto_failed","retryable":true,"event":"op_failed","workflow_id":"ocr-mvp-3a775e1e-e54f-4fa0-8277-175c92e07972","op_id":"ocr-page-021","site":"ocr-mvp","queue":"ocr","attempt":3,"time":"2026-05-24T18:45:31-04:00","message":"op failed"}
{"level":"info","event":"op_leased","workflow_id":"ocr-mvp-3a775e1e-e54f-4fa0-8277-175c92e07972","op_id":"ocr-page-022","site":"ocr-mvp","queue":"ocr","workflow_status":"","attempt":3,"time":"2026-05-24T18:45:31-04:00","message":"leased op"}
{"level":"warn","error_code":"ocr_geppetto_failed","retryable":true,"event":"op_failed","workflow_id":"ocr-mvp-3a775e1e-e54f-4fa0-8277-175c92e07972","op_id":"ocr-page-022","site":"ocr-mvp","queue":"ocr","attempt":3,"time":"2026-05-24T18:45:31-04:00","message":"op failed"}
status=running processed=2 succeeded=0 failed=0 retried=0
{"level":"info","event":"op_leased","workflow_id":"ocr-mvp-3a775e1e-e54f-4fa0-8277-175c92e07972","op_id":"ocr-page-023","site":"ocr-mvp","queue":"ocr","workflow_status":"","attempt":3,"time":"2026-05-24T18:45:31-04:00","message":"leased op"}
{"level":"warn","error_code":"ocr_geppetto_failed","retryable":true,"event":"op_failed","workflow_id":"ocr-mvp-3a775e1e-e54f-4fa0-8277-175c92e07972","op_id":"ocr-page-023","site":"ocr-mvp","queue":"ocr","attempt":3,"time":"2026-05-24T18:45:31-04:00","message":"op failed"}
{"level":"info","event":"op_leased","workflow_id":"ocr-mvp-3a775e1e-e54f-4fa0-8277-175c92e07972","op_id":"ocr-page-024","site":"ocr-mvp","queue":"ocr","workflow_status":"","attempt":3,"time":"2026-05-24T18:45:31-04:00","message":"leased op"}
{"level":"warn","error_code":"ocr_geppetto_failed","retryable":true,"event":"op_failed","workflow_id":"ocr-mvp-3a775e1e-e54f-4fa0-8277-175c92e07972","op_id":"ocr-page-024","site":"ocr-mvp","queue":"ocr","attempt":3,"time":"2026-05-24T18:45:31-04:00","message":"op failed"}
status=running processed=2 succeeded=0 failed=0 retried=0
{"level":"info","event":"op_leased","workflow_id":"ocr-mvp-3a775e1e-e54f-4fa0-8277-175c92e07972","op_id":"ocr-page-025","site":"ocr-mvp","queue":"ocr","workflow_status":"","attempt":2,"time":"2026-05-24T18:45:31-04:00","message":"leased op"}
{"level":"info","event":"op_retried","workflow_id":"ocr-mvp-3a775e1e-e54f-4fa0-8277-175c92e07972","op_id":"ocr-page-025","site":"ocr-mvp","queue":"ocr","workflow_status":"","attempt":2,"time":"2026-05-24T18:45:31-04:00","message":"op scheduled for retry at 2026-05-24T22:45:33.717322229Z"}
{"level":"info","event":"op_leased","workflow_id":"ocr-mvp-3a775e1e-e54f-4fa0-8277-175c92e07972","op_id":"ocr-page-026","site":"ocr-mvp","queue":"ocr","workflow_status":"","attempt":2,"time":"2026-05-24T18:45:31-04:00","message":"leased op"}
{"level":"info","event":"op_retried","workflow_id":"ocr-mvp-3a775e1e-e54f-4fa0-8277-175c92e07972","op_id":"ocr-page-026","site":"ocr-mvp","queue":"ocr","workflow_status":"","attempt":2,"time":"2026-05-24T18:45:31-04:00","message":"op scheduled for retry at 2026-05-24T22:45:33.717322229Z"}
status=running processed=2 succeeded=0 failed=0 retried=0
{"level":"info","event":"op_leased","workflow_id":"ocr-mvp-3a775e1e-e54f-4fa0-8277-175c92e07972","op_id":"ocr-page-027","site":"ocr-mvp","queue":"ocr","workflow_status":"","attempt":2,"time":"2026-05-24T18:45:32-04:00","message":"leased op"}
{"level":"info","event":"op_retried","workflow_id":"ocr-mvp-3a775e1e-e54f-4fa0-8277-175c92e07972","op_id":"ocr-page-027","site":"ocr-mvp","queue":"ocr","workflow_status":"","attempt":2,"time":"2026-05-24T18:45:32-04:00","message":"op scheduled for retry at 2026-05-24T22:45:33.995226888Z"}
{"level":"info","event":"op_leased","workflow_id":"ocr-mvp-3a775e1e-e54f-4fa0-8277-175c92e07972","op_id":"ocr-page-028","site":"ocr-mvp","queue":"ocr","workflow_status":"","attempt":2,"time":"2026-05-24T18:45:32-04:00","message":"leased op"}
{"level":"info","event":"op_retried","workflow_id":"ocr-mvp-3a775e1e-e54f-4fa0-8277-175c92e07972","op_id":"ocr-page-028","site":"ocr-mvp","queue":"ocr","workflow_status":"","attempt":2,"time":"2026-05-24T18:45:32-04:00","message":"op scheduled for retry at 2026-05-24T22:45:33.995226888Z"}
status=running processed=2 succeeded=0 failed=0 retried=0
{"level":"info","event":"op_leased","workflow_id":"ocr-mvp-3a775e1e-e54f-4fa0-8277-175c92e07972","op_id":"ocr-page-029","site":"ocr-mvp","queue":"ocr","workflow_status":"","attempt":2,"time":"2026-05-24T18:45:32-04:00","message":"leased op"}
{"level":"info","event":"op_retried","workflow_id":"ocr-mvp-3a775e1e-e54f-4fa0-8277-175c92e07972","op_id":"ocr-page-029","site":"ocr-mvp","queue":"ocr","workflow_status":"","attempt":2,"time":"2026-05-24T18:45:32-04:00","message":"op scheduled for retry at 2026-05-24T22:45:34.274393099Z"}
{"level":"info","event":"op_leased","workflow_id":"ocr-mvp-3a775e1e-e54f-4fa0-8277-175c92e07972","op_id":"ocr-page-030","site":"ocr-mvp","queue":"ocr","workflow_status":"","attempt":2,"time":"2026-05-24T18:45:32-04:00","message":"leased op"}
{"level":"info","event":"op_retried","workflow_id":"ocr-mvp-3a775e1e-e54f-4fa0-8277-175c92e07972","op_id":"ocr-page-030","site":"ocr-mvp","queue":"ocr","workflow_status":"","attempt":2,"time":"2026-05-24T18:45:32-04:00","message":"op scheduled for retry at 2026-05-24T22:45:34.274393099Z"}
status=running processed=2 succeeded=0 failed=0 retried=0
{"level":"trace","event":"idle","workflow_id":"","op_id":"","site":"","queue":"","workflow_status":"","attempt":0,"time":"2026-05-24T18:45:32-04:00","message":"no leaseable queues"}
status=running processed=0 succeeded=0 failed=0 retried=0
{"level":"trace","event":"idle","workflow_id":"","op_id":"","site":"","queue":"","workflow_status":"","attempt":0,"time":"2026-05-24T18:45:32-04:00","message":"no leaseable queues"}
status=running processed=0 succeeded=0 failed=0 retried=0
{"level":"trace","event":"idle","workflow_id":"","op_id":"","site":"","queue":"","workflow_status":"","attempt":0,"time":"2026-05-24T18:45:33-04:00","message":"no leaseable queues"}
status=running processed=0 succeeded=0 failed=0 retried=0
{"level":"trace","event":"idle","workflow_id":"","op_id":"","site":"","queue":"","workflow_status":"","attempt":0,"time":"2026-05-24T18:45:33-04:00","message":"no leaseable queues"}
status=running processed=0 succeeded=0 failed=0 retried=0
{"level":"trace","event":"idle","workflow_id":"","op_id":"","site":"","queue":"","workflow_status":"","attempt":0,"time":"2026-05-24T18:45:33-04:00","message":"no leaseable queues"}
status=running processed=0 succeeded=0 failed=0 retried=0
{"level":"info","event":"op_leased","workflow_id":"ocr-mvp-3a775e1e-e54f-4fa0-8277-175c92e07972","op_id":"ocr-page-025","site":"ocr-mvp","queue":"ocr","workflow_status":"","attempt":3,"time":"2026-05-24T18:45:33-04:00","message":"leased op"}
{"level":"warn","error_code":"ocr_geppetto_failed","retryable":true,"event":"op_failed","workflow_id":"ocr-mvp-3a775e1e-e54f-4fa0-8277-175c92e07972","op_id":"ocr-page-025","site":"ocr-mvp","queue":"ocr","attempt":3,"time":"2026-05-24T18:45:33-04:00","message":"op failed"}
{"level":"info","event":"op_leased","workflow_id":"ocr-mvp-3a775e1e-e54f-4fa0-8277-175c92e07972","op_id":"ocr-page-026","site":"ocr-mvp","queue":"ocr","workflow_status":"","attempt":3,"time":"2026-05-24T18:45:33-04:00","message":"leased op"}
{"level":"warn","error_code":"ocr_geppetto_failed","retryable":true,"event":"op_failed","workflow_id":"ocr-mvp-3a775e1e-e54f-4fa0-8277-175c92e07972","op_id":"ocr-page-026","site":"ocr-mvp","queue":"ocr","attempt":3,"time":"2026-05-24T18:45:33-04:00","message":"op failed"}
status=running processed=2 succeeded=0 failed=0 retried=0
{"level":"info","event":"op_leased","workflow_id":"ocr-mvp-3a775e1e-e54f-4fa0-8277-175c92e07972","op_id":"ocr-page-027","site":"ocr-mvp","queue":"ocr","workflow_status":"","attempt":3,"time":"2026-05-24T18:45:34-04:00","message":"leased op"}
{"level":"warn","error_code":"ocr_geppetto_failed","retryable":true,"event":"op_failed","workflow_id":"ocr-mvp-3a775e1e-e54f-4fa0-8277-175c92e07972","op_id":"ocr-page-027","site":"ocr-mvp","queue":"ocr","attempt":3,"time":"2026-05-24T18:45:34-04:00","message":"op failed"}
{"level":"info","event":"op_leased","workflow_id":"ocr-mvp-3a775e1e-e54f-4fa0-8277-175c92e07972","op_id":"ocr-page-028","site":"ocr-mvp","queue":"ocr","workflow_status":"","attempt":3,"time":"2026-05-24T18:45:34-04:00","message":"leased op"}
{"level":"warn","error_code":"ocr_geppetto_failed","retryable":true,"event":"op_failed","workflow_id":"ocr-mvp-3a775e1e-e54f-4fa0-8277-175c92e07972","op_id":"ocr-page-028","site":"ocr-mvp","queue":"ocr","attempt":3,"time":"2026-05-24T18:45:34-04:00","message":"op failed"}
status=running processed=2 succeeded=0 failed=0 retried=0
{"level":"info","event":"op_leased","workflow_id":"ocr-mvp-3a775e1e-e54f-4fa0-8277-175c92e07972","op_id":"ocr-page-029","site":"ocr-mvp","queue":"ocr","workflow_status":"","attempt":3,"time":"2026-05-24T18:45:34-04:00","message":"leased op"}
{"level":"warn","error_code":"ocr_geppetto_failed","retryable":true,"event":"op_failed","workflow_id":"ocr-mvp-3a775e1e-e54f-4fa0-8277-175c92e07972","op_id":"ocr-page-029","site":"ocr-mvp","queue":"ocr","attempt":3,"time":"2026-05-24T18:45:34-04:00","message":"op failed"}
{"level":"info","event":"op_leased","workflow_id":"ocr-mvp-3a775e1e-e54f-4fa0-8277-175c92e07972","op_id":"ocr-page-030","site":"ocr-mvp","queue":"ocr","workflow_status":"","attempt":3,"time":"2026-05-24T18:45:34-04:00","message":"leased op"}
{"level":"warn","error_code":"ocr_geppetto_failed","retryable":true,"event":"op_failed","workflow_id":"ocr-mvp-3a775e1e-e54f-4fa0-8277-175c92e07972","op_id":"ocr-page-030","site":"ocr-mvp","queue":"ocr","attempt":3,"time":"2026-05-24T18:45:34-04:00","message":"op failed"}
{"level":"info","event":"workflow_updated","workflow_id":"ocr-mvp-3a775e1e-e54f-4fa0-8277-175c92e07972","op_id":"","site":"ocr-mvp","queue":"","workflow_status":"failed","attempt":0,"time":"2026-05-24T18:45:34-04:00","message":"workflow status updated"}
status=failed processed=2 succeeded=0 failed=0 retried=0
error: workflow finished with status failed
exit status 1
