{"level":"info","event":"workflow_created","workflow_id":"ocr-quality-1219f2a4-50e3-4392-8471-1f07499cf631","op_id":"","site":"ocr-quality","queue":"","workflow_status":"pending","attempt":0,"time":"2026-05-25T00:56:58-04:00","message":"workflow created"}
{"level":"info","event":"workflow_updated","workflow_id":"ocr-quality-1219f2a4-50e3-4392-8471-1f07499cf631","op_id":"","site":"ocr-quality","queue":"","workflow_status":"running","attempt":0,"time":"2026-05-25T00:56:58-04:00","message":"workflow status updated"}
started quality run ocr-quality-1219f2a4-50e3-4392-8471-1f07499cf631 in /tmp/book-ocr-full-report794-v5-mini/quality-work
{"level":"info","event":"op_leased","workflow_id":"ocr-quality-1219f2a4-50e3-4392-8471-1f07499cf631","op_id":"qa-before","site":"ocr-quality","queue":"ocr-quality","workflow_status":"","attempt":1,"time":"2026-05-25T00:56:58-04:00","message":"leased op"}
{"level":"info","event":"op_succeeded","workflow_id":"ocr-quality-1219f2a4-50e3-4392-8471-1f07499cf631","op_id":"qa-before","site":"ocr-quality","queue":"ocr-quality","workflow_status":"","attempt":1,"time":"2026-05-25T00:56:58-04:00","message":"op succeeded"}
{"level":"info","event":"op_leased","workflow_id":"ocr-quality-1219f2a4-50e3-4392-8471-1f07499cf631","op_id":"normalize-markdown","site":"ocr-quality","queue":"ocr-quality","workflow_status":"","attempt":1,"time":"2026-05-25T00:56:58-04:00","message":"leased op"}
{"level":"info","event":"op_succeeded","workflow_id":"ocr-quality-1219f2a4-50e3-4392-8471-1f07499cf631","op_id":"normalize-markdown","site":"ocr-quality","queue":"ocr-quality","workflow_status":"","attempt":1,"time":"2026-05-25T00:56:58-04:00","message":"op succeeded"}
status=running processed=2 succeeded=0 failed=0 retried=0
{"level":"info","event":"op_leased","workflow_id":"ocr-quality-1219f2a4-50e3-4392-8471-1f07499cf631","op_id":"embed-figures","site":"ocr-quality","queue":"ocr-quality","workflow_status":"","attempt":1,"time":"2026-05-25T00:56:58-04:00","message":"leased op"}
{"level":"info","event":"op_succeeded","workflow_id":"ocr-quality-1219f2a4-50e3-4392-8471-1f07499cf631","op_id":"embed-figures","site":"ocr-quality","queue":"ocr-quality","workflow_status":"","attempt":1,"time":"2026-05-25T00:57:18-04:00","message":"op succeeded"}
{"level":"info","event":"op_leased","workflow_id":"ocr-quality-1219f2a4-50e3-4392-8471-1f07499cf631","op_id":"qa-after","site":"ocr-quality","queue":"ocr-quality","workflow_status":"","attempt":1,"time":"2026-05-25T00:57:18-04:00","message":"leased op"}
{"level":"info","event":"op_succeeded","workflow_id":"ocr-quality-1219f2a4-50e3-4392-8471-1f07499cf631","op_id":"qa-after","site":"ocr-quality","queue":"ocr-quality","workflow_status":"","attempt":1,"time":"2026-05-25T00:57:18-04:00","message":"op succeeded"}
status=running processed=2 succeeded=0 failed=0 retried=0
{"level":"info","event":"op_leased","workflow_id":"ocr-quality-1219f2a4-50e3-4392-8471-1f07499cf631","op_id":"import-log","site":"ocr-quality","queue":"ocr-quality","workflow_status":"","attempt":1,"time":"2026-05-25T00:57:18-04:00","message":"leased op"}
{"level":"info","event":"op_succeeded","workflow_id":"ocr-quality-1219f2a4-50e3-4392-8471-1f07499cf631","op_id":"import-log","site":"ocr-quality","queue":"ocr-quality","workflow_status":"","attempt":1,"time":"2026-05-25T00:57:19-04:00","message":"op succeeded"}
{"level":"info","event":"op_leased","workflow_id":"ocr-quality-1219f2a4-50e3-4392-8471-1f07499cf631","op_id":"write-discovery","site":"ocr-quality","queue":"ocr-quality","workflow_status":"","attempt":1,"time":"2026-05-25T00:57:19-04:00","message":"leased op"}
{"level":"info","event":"op_succeeded","workflow_id":"ocr-quality-1219f2a4-50e3-4392-8471-1f07499cf631","op_id":"write-discovery","site":"ocr-quality","queue":"ocr-quality","workflow_status":"","attempt":1,"time":"2026-05-25T00:57:19-04:00","message":"op succeeded"}
status=running processed=2 succeeded=0 failed=0 retried=0
{"level":"info","event":"op_leased","workflow_id":"ocr-quality-1219f2a4-50e3-4392-8471-1f07499cf631","op_id":"assemble-quality-report","site":"ocr-quality","queue":"ocr-quality","workflow_status":"","attempt":1,"time":"2026-05-25T00:57:19-04:00","message":"leased op"}
{"level":"info","event":"op_succeeded","workflow_id":"ocr-quality-1219f2a4-50e3-4392-8471-1f07499cf631","op_id":"assemble-quality-report","site":"ocr-quality","queue":"ocr-quality","workflow_status":"","attempt":1,"time":"2026-05-25T00:57:19-04:00","message":"op succeeded"}
{"level":"info","event":"workflow_updated","workflow_id":"ocr-quality-1219f2a4-50e3-4392-8471-1f07499cf631","op_id":"","site":"ocr-quality","queue":"","workflow_status":"succeeded","attempt":0,"time":"2026-05-25T00:57:19-04:00","message":"workflow status updated"}
status=succeeded processed=1 succeeded=0 failed=0 retried=0
quality output: /home/manuel/workspaces/2026-05-20/book-ocr/2026-05-20--book-ocr/ttmp/2026/05/25/BOOK-OCR-FULL-001--convert-full-presentation-based-user-interfaces-book/experiments/001-full-book-v5-mini/outputs/quality-pass/normalized.md
quality embedded output: /home/manuel/workspaces/2026-05-20/book-ocr/2026-05-20--book-ocr/ttmp/2026/05/25/BOOK-OCR-FULL-001--convert-full-presentation-based-user-interfaces-book/experiments/001-full-book-v5-mini/outputs/quality-pass/embedded-figures.md
quality diff: /home/manuel/workspaces/2026-05-20/book-ocr/2026-05-20--book-ocr/ttmp/2026/05/25/BOOK-OCR-FULL-001--convert-full-presentation-based-user-interfaces-book/experiments/001-full-book-v5-mini/outputs/quality-pass/cleanup.diff
